                              1 ;--------------------------------------------------------
                              2 ; File Created by SDCC : free open source ANSI-C Compiler
                              3 ; Version 3.8.0 #10562 (Linux)
                              4 ;--------------------------------------------------------
                              5 	.module test
                              6 	.optsdcc -mz80
                              7 	
                              8 ;--------------------------------------------------------
                              9 ; Public variables in this module
                             10 ;--------------------------------------------------------
                             11 	.globl _main
                             12 	.globl _puts
                             13 	.globl _con_cls
                             14 	.globl _con_gotoxy
                             15 	.globl _con_init
                             16 ;--------------------------------------------------------
                             17 ; special function registers
                             18 ;--------------------------------------------------------
                             19 ;--------------------------------------------------------
                             20 ; ram data
                             21 ;--------------------------------------------------------
                             22 	.area _DATA
                             23 ;--------------------------------------------------------
                             24 ; ram data
                             25 ;--------------------------------------------------------
                             26 	.area _INITIALIZED
                             27 ;--------------------------------------------------------
                             28 ; absolute external ram data
                             29 ;--------------------------------------------------------
                             30 	.area _DABS (ABS)
                             31 ;--------------------------------------------------------
                             32 ; global & static initialisations
                             33 ;--------------------------------------------------------
                             34 	.area _HOME
                             35 	.area _GSINIT
                             36 	.area _GSFINAL
                             37 	.area _GSINIT
                             38 ;--------------------------------------------------------
                             39 ; Home
                             40 ;--------------------------------------------------------
                             41 	.area _HOME
                             42 	.area _HOME
                             43 ;--------------------------------------------------------
                             44 ; code
                             45 ;--------------------------------------------------------
                             46 	.area _CODE
                     0000    47 	G$main$0$0	= .
                             48 	.globl	G$main$0$0
                     0000    49 	C$test.c$3$0_0$4	= .
                             50 	.globl	C$test.c$3$0_0$4
                             51 ;test.c:3: int main()
                             52 ;	---------------------------------
                             53 ; Function main
                             54 ; ---------------------------------
   0000                      55 _main::
                     0000    56 	C$test.c$5$2_0$4	= .
                             57 	.globl	C$test.c$5$2_0$4
                             58 ;test.c:5: const char *welcome = "Hello world!";
                     0000    59 	C$test.c$8$1_0$4	= .
                             60 	.globl	C$test.c$8$1_0$4
                             61 ;test.c:8: con_init();
   0000 CDr00r00      [17]   62 	call	_con_init
                     0003    63 	C$test.c$9$1_0$4	= .
                             64 	.globl	C$test.c$9$1_0$4
                             65 ;test.c:9: con_gotoxy(10,10);
   0003 11 0A 0A      [10]   66 	ld	de, #0x0a0a
   0006 D5            [11]   67 	push	de
   0007 CDr00r00      [17]   68 	call	_con_gotoxy
                     000A    69 	C$test.c$10$1_0$4	= .
                             70 	.globl	C$test.c$10$1_0$4
                             71 ;test.c:10: puts(welcome);
   000A 21r17r00      [10]   72 	ld	hl, #___str_0
   000D E3            [19]   73 	ex	(sp),hl
   000E CDr00r00      [17]   74 	call	_puts
   0011 F1            [10]   75 	pop	af
                     0012    76 	C$test.c$11$1_0$4	= .
                             77 	.globl	C$test.c$11$1_0$4
                             78 ;test.c:11: con_cls();
   0012 CDr00r00      [17]   79 	call	_con_cls
                     0015    80 	C$test.c$12$1_0$4	= .
                             81 	.globl	C$test.c$12$1_0$4
                             82 ;test.c:12: while(1);
   0015                      83 00102$:
                     0015    84 	C$test.c$13$1_0$4	= .
                             85 	.globl	C$test.c$13$1_0$4
                             86 ;test.c:13: }
                     0015    87 	C$test.c$13$1_0$4	= .
                             88 	.globl	C$test.c$13$1_0$4
                     0015    89 	XG$main$0$0	= .
                             90 	.globl	XG$main$0$0
   0015 18 FE         [12]   91 	jr	00102$
                     0017    92 Ftest$__str_0$0_0$0 == .
   0017                      93 ___str_0:
   0017 48 65 6C 6C 6F 20    94 	.ascii "Hello world!"
        77 6F 72 6C 64 21
   0023 00                   95 	.db 0x00
                             96 	.area _CODE
                             97 	.area _INITIALIZER
                             98 	.area _CABS (ABS)
